Error: DATABASE_URL must be set. Did you forget to provision a database?
> NODE_ENV=production node dist/index.js
    at async ModuleLoader.import (node:internal/modules/esm/loader:473:24)
        ^
Error: DATABASE_URL must be set. Did you forget to provision a database?
command finished with error [npm run start]: exit status 1
        ^

> NODE_ENV=production node dist/index.js
file:///home/runner/workspace/dist/index.js:52
command finished with error [npm run start]: exit status 1
    at file:///home/runner/workspace/dist/index.js:52:9

    at async asyncRunEntryPointWithESMLoader (node:internal/modules/run_main:122:5)
  throw new Error(
    at file:///home/runner/workspace/dist/index.js:52:9
Node.js v20.18.1
    at ModuleJob.run (node:internal/modules/esm/module_job:234:25)

> rest-express@1.0.0 start
    at async ModuleLoader.import (node:internal/modules/esm/loader:473:24)
file:///home/runner/workspace/dist/index.js:52
    at file:///home/runner/workspace/dist/index.js:52:9
file:///home/runner/workspace/dist/index.js:52
    at async asyncRunEntryPointWithESMLoader (node:internal/modules/run_main:122:5)
command finished with error [npm run start]: exit status 1
> NODE_ENV=production node dist/index.js

        ^
  throw new Error(
    at async ModuleLoader.import (node:internal/modules/esm/loader:473:24)
Node.js v20.18.1
command finished with error [npm run start]: exit status 1

> rest-express@1.0.0 start
  throw new Error(
    at async ModuleLoader.import (node:internal/modules/esm/loader:473:24)
> rest-express@1.0.0 start

Error: DATABASE_URL must be set. Did you forget to provision a database?
    at async asyncRunEntryPointWithESMLoader (node:internal/modules/run_main:122:5)
    at ModuleJob.run (node:internal/modules/esm/module_job:234:25)
> NODE_ENV=production node dist/index.js
        ^
Node.js v20.18.1
    at ModuleJob.run (node:internal/modules/esm/module_job:234:25)
Error: DATABASE_URL must be set. Did you forget to provision a database?
> NODE_ENV=production node dist/index.js
  throw new Error(
command finished with error [npm run start]: exit status 1
    at ModuleJob.run (node:internal/modules/esm/module_job:234:25)
Node.js v20.18.1
        ^
Error: DATABASE_URL must be set. Did you forget to provision a database?

file:///home/runner/workspace/dist/index.js:52
file:///home/runner/workspace/dist/index.js:52
  throw new Error(
    at async ModuleLoader.import (node:internal/modules/esm/loader:473:24)
    at async asyncRunEntryPointWithESMLoader (node:internal/modules/run_main:122:5)
> NODE_ENV=production node dist/index.js
> rest-express@1.0.0 start

command finished with error [npm run start]: exit status 1

> NODE_ENV=production node dist/index.js
    at async ModuleLoader.import (node:internal/modules/esm/loader:473:24)
Node.js v20.18.1
    at file:///home/runner/workspace/dist/index.js:52:9
    at async asyncRunEntryPointWithESMLoader (node:internal/modules/run_main:122:5)
        ^
> rest-express@1.0.0 start
Error: DATABASE_URL must be set. Did you forget to provision a database?

    at ModuleJob.run (node:internal/modules/esm/module_job:234:25)
> rest-express@1.0.0 start
    at file:///home/runner/workspace/dist/index.js:52:9
> rest-express@1.0.0 start
    at file:///home/runner/workspace/dist/index.js:52:9
Node.js v20.18.1
command finished with error [npm run start]: exit status 1
> NODE_ENV=production node dist/index.js

        ^
    at ModuleJob.run (node:internal/modules/esm/module_job:234:25)

    at ModuleJob.run (node:internal/modules/esm/module_job:234:25)
    at async asyncRunEntryPointWithESMLoader (node:internal/modules/run_main:122:5)
file:///home/runner/workspace/dist/index.js:52
    at file:///home/runner/workspace/dist/index.js:52:9
        ^


Error: DATABASE_URL must be set. Did you forget to provision a database?
  throw new Error(
    at async ModuleLoader.import (node:internal/modules/esm/loader:473:24)
Error: DATABASE_URL must be set. Did you forget to provision a database?
command finished with error [npm run start]: exit status 1
file:///home/runner/workspace/dist/index.js:52
    at async ModuleLoader.import (node:internal/modules/esm/loader:473:24)
    at async asyncRunEntryPointWithESMLoader (node:internal/modules/run_main:122:5)
Node.js v20.18.1
  throw new Error(
crash loop detected
2025-02-08T17:16:34Z error: The deployment is crash looping. This can happen if the run command fails or exits immediately after starting. Check the logs for more information.
